# compiler: R8
# compiler_version: 1.5.69
# pg_map_id: 6c8ec04
app.notifee.core.BlockStateBroadcastReceiver -> app.notifee.core.BlockStateBroadcastReceiver:
    1:1:void <init>():32:32 -> <init>
    1:37:void onReceive(android.content.Context,android.content.Intent):90:126 -> onReceive
    38:42:void onReceive(android.content.Context,android.content.Intent):119:123 -> onReceive
    43:46:void onReceive(android.content.Context,android.content.Intent):113:116 -> onReceive
    47:68:void onReceive(android.content.Context,android.content.Intent):110:131 -> onReceive
    69:75:void onReceive(android.content.Context,android.content.Intent):130:136 -> onReceive
    76:76:android.content.Context app.notifee.core.ContextHolder.getApplicationContext():9:9 -> onReceive
    76:76:void onReceive(android.content.Context,android.content.Intent):138 -> onReceive
    77:80:void onReceive(android.content.Context,android.content.Intent):138:141 -> onReceive
    1:47:void doWork(androidx.work.Data,androidx.concurrent.futures.ResolvableFuture):38:84 -> z_n
    48:65:void lambda$doWork$1(androidx.concurrent.futures.ResolvableFuture,int,boolean,android.os.Bundle):43:60 -> z_n
    66:70:void lambda$null$0(androidx.concurrent.futures.ResolvableFuture,java.lang.Exception,java.lang.Void):45:49 -> z_n
    71:74:void lambda$doWork$2(androidx.concurrent.futures.ResolvableFuture,app.notifee.core.utils.ObjectUtils$TypedCallback,java.lang.Exception,android.os.Bundle):70:73 -> z_n
app.notifee.core.ChannelManager -> n.o.t.i.f.e.e.z_n:
    android.content.Context app.notifee.core.ContextHolder.applicationContext -> z_n
    1:1:android.content.Context app.notifee.core.ContextHolder.getApplicationContext():9:9 -> Z_i
    1:1:java.util.List lambda$getAllChannels$4():122 -> Z_i
    2:11:java.util.List lambda$getAllChannels$4():122:131 -> Z_i
    12:12:java.util.List lambda$getAllChannels$4():126:126 -> Z_i
    13:13:android.content.Context app.notifee.core.ContextHolder.getApplicationContext():9:9 -> Z_i
    13:13:android.os.Bundle lambda$getChannel$5(java.lang.String):140 -> Z_i
    14:17:android.os.Bundle lambda$getChannel$5(java.lang.String):140:143 -> Z_i
    18:19:java.lang.Void lambda$createChannels$1(java.util.List):69:70 -> Z_i
    1:5:java.lang.Void lambda$createChannel$0(app.notifee.core.bundles.ChannelBundle):27:31 -> Z_o
    6:6:java.lang.String app.notifee.core.bundles.ChannelBundle.getId():28:28 -> Z_o
    6:6:java.lang.Void lambda$createChannel$0(app.notifee.core.bundles.ChannelBundle):32 -> Z_o
    7:7:java.lang.String app.notifee.core.bundles.ChannelBundle.getName():33:33 -> Z_o
    7:7:java.lang.Void lambda$createChannel$0(app.notifee.core.bundles.ChannelBundle):33 -> Z_o
    8:12:java.lang.Integer app.notifee.core.bundles.ChannelBundle.getImportance():63:67 -> Z_o
    8:12:java.lang.Void lambda$createChannel$0(app.notifee.core.bundles.ChannelBundle):34 -> Z_o
    13:13:java.lang.Void lambda$createChannel$0(app.notifee.core.bundles.ChannelBundle):34:34 -> Z_o
    14:14:java.lang.Boolean app.notifee.core.bundles.ChannelBundle.getBadge():37:37 -> Z_o
    14:14:java.lang.Void lambda$createChannel$0(app.notifee.core.bundles.ChannelBundle):37 -> Z_o
    15:15:java.lang.Void lambda$createChannel$0(app.notifee.core.bundles.ChannelBundle):37:37 -> Z_o
    16:16:java.lang.Boolean app.notifee.core.bundles.ChannelBundle.getBypassDnd():41:41 -> Z_o
    16:16:java.lang.Void lambda$createChannel$0(app.notifee.core.bundles.ChannelBundle):38 -> Z_o
    17:17:java.lang.Void lambda$createChannel$0(app.notifee.core.bundles.ChannelBundle):38:38 -> Z_o
    18:18:java.lang.String app.notifee.core.bundles.ChannelBundle.getDescription():46:46 -> Z_o
    18:18:java.lang.Void lambda$createChannel$0(app.notifee.core.bundles.ChannelBundle):39 -> Z_o
    19:19:java.lang.Void lambda$createChannel$0(app.notifee.core.bundles.ChannelBundle):39:39 -> Z_o
    20:20:java.lang.String app.notifee.core.bundles.ChannelBundle.getGroupId():59:59 -> Z_o
    20:20:java.lang.Void lambda$createChannel$0(app.notifee.core.bundles.ChannelBundle):40 -> Z_o
    21:21:java.lang.Void lambda$createChannel$0(app.notifee.core.bundles.ChannelBundle):40:40 -> Z_o
    22:22:java.lang.Boolean app.notifee.core.bundles.ChannelBundle.getLights():50:50 -> Z_o
    22:22:java.lang.Void lambda$createChannel$0(app.notifee.core.bundles.ChannelBundle):41 -> Z_o
    23:26:java.lang.Void lambda$createChannel$0(app.notifee.core.bundles.ChannelBundle):41:44 -> Z_o
    27:28:int app.notifee.core.bundles.ChannelBundle.getVisibility():80:81 -> Z_o
    27:28:java.lang.Void lambda$createChannel$0(app.notifee.core.bundles.ChannelBundle):47 -> Z_o
    29:29:java.lang.Void lambda$createChannel$0(app.notifee.core.bundles.ChannelBundle):47:47 -> Z_o
    30:30:java.lang.Boolean app.notifee.core.bundles.ChannelBundle.getVibration():54:54 -> Z_o
    30:30:java.lang.Void lambda$createChannel$0(app.notifee.core.bundles.ChannelBundle):48 -> Z_o
    31:31:java.lang.Void lambda$createChannel$0(app.notifee.core.bundles.ChannelBundle):48:48 -> Z_o
    32:37:long[] app.notifee.core.bundles.ChannelBundle.getVibrationPattern():88:93 -> Z_o
    32:37:java.lang.Void lambda$createChannel$0(app.notifee.core.bundles.ChannelBundle):50 -> Z_o
    38:46:long[] app.notifee.core.bundles.ChannelBundle.getVibrationPattern():92:100 -> Z_o
    38:46:java.lang.Void lambda$createChannel$0(app.notifee.core.bundles.ChannelBundle):50 -> Z_o
    47:48:java.lang.Void lambda$createChannel$0(app.notifee.core.bundles.ChannelBundle):51:52 -> Z_o
    49:49:android.content.Context app.notifee.core.ContextHolder.getApplicationContext():9:9 -> Z_o
    49:49:java.lang.Void lambda$createChannel$0(app.notifee.core.bundles.ChannelBundle):60 -> Z_o
    50:51:java.lang.Void lambda$createChannel$0(app.notifee.core.bundles.ChannelBundle):60:61 -> Z_o
    52:52:com.google.android.gms.tasks.Task createChannels(java.util.List):68:68 -> Z_o
    53:57:java.lang.Void lambda$createChannelGroup$2(app.notifee.core.bundles.ChannelGroupBundle):79:83 -> Z_o
    58:58:java.lang.String app.notifee.core.bundles.ChannelGroupBundle.getId():24:24 -> Z_o
    58:58:java.lang.Void lambda$createChannelGroup$2(app.notifee.core.bundles.ChannelGroupBundle):84 -> Z_o
    59:59:java.lang.String app.notifee.core.bundles.ChannelGroupBundle.getName():29:29 -> Z_o
    59:59:java.lang.Void lambda$createChannelGroup$2(app.notifee.core.bundles.ChannelGroupBundle):85 -> Z_o
    60:63:java.lang.Void lambda$createChannelGroup$2(app.notifee.core.bundles.ChannelGroupBundle):85:88 -> Z_o
    64:64:java.lang.String app.notifee.core.bundles.ChannelGroupBundle.getDescription():34:34 -> Z_o
    64:64:java.lang.Void lambda$createChannelGroup$2(app.notifee.core.bundles.ChannelGroupBundle):88 -> Z_o
    65:65:java.lang.String app.notifee.core.bundles.ChannelGroupBundle.getDescription():34:34 -> Z_o
    65:65:java.lang.Void lambda$createChannelGroup$2(app.notifee.core.bundles.ChannelGroupBundle):89 -> Z_o
    66:66:java.lang.Void lambda$createChannelGroup$2(app.notifee.core.bundles.ChannelGroupBundle):89:89 -> Z_o
    67:67:com.google.android.gms.tasks.Task getAllChannels():121:121 -> Z_o
    68:68:com.google.android.gms.tasks.Task getChannel(java.lang.String):139:139 -> Z_o
    1:1:android.content.Context app.notifee.core.ContextHolder.getApplicationContext():9:9 -> z_f
    1:1:android.os.Bundle lambda$getChannelGroup$7(java.lang.String):167 -> z_f
    2:5:android.os.Bundle lambda$getChannelGroup$7(java.lang.String):167:170 -> z_f
    1:1:android.text.Spanned app.notifee.core.utils.TextUtils.fromHtml(java.lang.String):10:10 -> z_n
    2:40:android.os.Bundle app.notifee.core.utils.JSONUtils.convertToBundle(org.json.JSONObject):17:55 -> z_n
    41:41:com.google.android.gms.tasks.Task createChannel(app.notifee.core.bundles.ChannelBundle):26:26 -> z_n
    42:48:java.lang.Object app.notifee.core.utils.JSONUtils.convertToJavaArray(java.lang.Class,org.json.JSONArray):67:73 -> z_n
    49:49:com.google.android.gms.tasks.Task createChannelGroup(app.notifee.core.bundles.ChannelGroupBundle):78:78 -> z_n
    50:65:java.lang.Class app.notifee.core.utils.JSONUtils.unboxClass(java.lang.Class):82:97 -> z_n
    66:66:com.google.android.gms.tasks.Task createChannelGroups(java.util.List):97:97 -> z_n
    67:108:void app.notifee.core.utils.JSONUtils.setJSONArray(android.os.Bundle,java.lang.String,org.json.JSONArray):106:147 -> z_n
    109:109:com.google.android.gms.tasks.Task getAllChannelGroups():148:148 -> z_n
    110:147:android.os.Bundle convertChannelToBundle(android.app.NotificationChannel):175:212 -> z_n
    148:169:android.os.Bundle convertChannelGroupToBundle(android.app.NotificationChannelGroup):219:240 -> z_n
    1:1:android.content.Context app.notifee.core.ContextHolder.getApplicationContext():9:9 -> z_t
    1:1:java.util.List lambda$getAllChannelGroups$6():149 -> z_t
    2:11:java.util.List lambda$getAllChannelGroups$6():149:158 -> z_t
    12:12:java.util.List lambda$getAllChannelGroups$6():153:153 -> z_t
    13:18:java.lang.Void lambda$createChannelGroups$3(java.util.List):98:103 -> z_t
    19:19:com.google.android.gms.tasks.Task getChannelGroup(java.lang.String):166:166 -> z_t
app.notifee.core.EventBus -> n.o.t.i.f.e.e.Z_o:
    app.notifee.core.EventBus instance -> Z_o
    org.greenrobot.eventbus.EventBus eventBus -> z_n
    1:1:void <clinit>():4:4 -> <clinit>
    1:2:void <init>():7:8 -> <init>
    1:1:app.notifee.core.EventBus getInstance():12:12 -> Z_o
    1:1:void register(java.lang.Object):16 -> Z_o
    2:2:org.greenrobot.eventbus.EventBus getDefault():40:40 -> Z_o
    2:2:void register(java.lang.Object):16 -> Z_o
    3:3:void register(java.lang.Object):16:16 -> Z_o
    1:1:app.notifee.core.EventBus getInstance():12:12 -> z_n
    1:1:void post(java.lang.Object):28 -> z_n
    2:2:org.greenrobot.eventbus.EventBus getDefault():40:40 -> z_n
    2:2:void post(java.lang.Object):28 -> z_n
    3:3:void post(java.lang.Object):28:28 -> z_n
app.notifee.core.EventSubscriber -> app.notifee.core.EventSubscriber:
    java.util.Set mListeners -> z_n
    app.notifee.core.EventSubscriber mInstance -> Z_o
    1:1:void <clinit>():16:16 -> <clinit>
    1:1:void <init>():19:19 -> <init>
    2:5:void <init>():17:20 -> <init>
    1:1:android.content.Context app.notifee.core.ContextHolder.getApplicationContext():9:9 -> getContext
    1:1:android.content.Context getContext():35 -> getContext
    1:2:void onBlockStateEvent(app.notifee.core.events.BlockStateEvent):54:55 -> onBlockStateEvent
    1:2:void onLogEvent(app.notifee.core.events.LogEvent):47:48 -> onLogEvent
    1:2:void onNotificationEvent(app.notifee.core.events.NotificationEvent):40:41 -> onNotificationEvent
    1:1:void register(app.notifee.core.EventListener):25:25 -> register
    1:1:void unregister(app.notifee.core.EventListener):30:30 -> unregister
app.notifee.core.ForegroundService -> n.o.t.i.f.e.e.z_t:
    1:1:void <init>():11:11 -> <init>
    1:1:android.content.Intent createIntent(android.os.Bundle):17:17 -> z_n
    2:2:android.content.Context app.notifee.core.ContextHolder.getApplicationContext():9:9 -> z_n
    2:2:android.content.Intent createIntent(android.os.Bundle):17 -> z_n
    3:5:android.content.Intent createIntent(android.os.Bundle):17:19 -> z_n
app.notifee.core.InitProvider -> app.notifee.core.InitProvider:
    1:1:void <init>():15:15 -> <init>
    1:7:void attachInfo(android.content.Context,android.content.pm.ProviderInfo):20:26 -> attachInfo
    1:1:android.content.Context app.notifee.core.ContextHolder.getApplicationContext():9:9 -> onCreate
    1:1:boolean onCreate():32 -> onCreate
    2:4:boolean onCreate():33:35 -> onCreate
    5:6:void app.notifee.core.ContextHolder.setApplicationContext(android.content.Context):13:14 -> onCreate
    5:6:boolean onCreate():37 -> onCreate
app.notifee.core.JSONConfig -> n.o.t.i.f.e.e.Z_i:
    app.notifee.core.JSONConfig mInstance -> Z_o
    org.json.JSONObject mJSONObject -> z_n
    1:1:void <init>(java.lang.String):11:11 -> <init>
    2:10:void <init>(java.lang.String):8:16 -> <init>
app.notifee.core.LicenseManager -> n.o.t.i.f.e.e.z_f:
    app.notifee.core.LicenseManager mInstance -> z_t
    java.lang.String mClientPrivateKey -> Z_o
    java.lang.String mServerPublicKey -> z_n
    1:1:void <clinit>():48:48 -> <clinit>
    1:19:void <init>():46:64 -> <init>
    1:6:void scheduleLocalWork():352:357 -> Z_i
    7:7:android.content.Context app.notifee.core.ContextHolder.getApplicationContext():9:9 -> Z_i
    7:7:void scheduleLocalWork():359 -> Z_i
    8:10:void scheduleLocalWork():359:361 -> Z_i
    11:11:void scheduleLocalWork():360:360 -> Z_i
    1:70:void initialize():67:136 -> Z_o
    71:72:void logLicenseWarningForEvent(java.lang.String):517:518 -> Z_o
    1:1:app.notifee.core.LicenseManager getInstance():140:140 -> z_n
    2:2:void doLocalWork(androidx.concurrent.futures.ResolvableFuture):151:151 -> z_n
    3:3:app.notifee.core.Preferences app.notifee.core.Preferences.getSharedInstance():12:12 -> z_n
    3:3:void doLocalWork(androidx.concurrent.futures.ResolvableFuture):153 -> z_n
    4:4:void app.notifee.core.Preferences.setIntValue(java.lang.String,int):36:36 -> z_n
    4:4:void doLocalWork(androidx.concurrent.futures.ResolvableFuture):153 -> z_n
    5:5:app.notifee.core.JSONConfig app.notifee.core.JSONConfig.getInstance():27:27 -> z_n
    5:5:void doLocalWork(androidx.concurrent.futures.ResolvableFuture):156 -> z_n
    6:7:java.lang.String app.notifee.core.JSONConfig.getString(java.lang.String,java.lang.String):46:47 -> z_n
    6:7:void doLocalWork(androidx.concurrent.futures.ResolvableFuture):156 -> z_n
    8:8:app.notifee.core.Preferences app.notifee.core.Preferences.getSharedInstance():12:12 -> z_n
    8:8:void doLocalWork(androidx.concurrent.futures.ResolvableFuture):160 -> z_n
    9:9:void app.notifee.core.Preferences.setIntValue(java.lang.String,int):36:36 -> z_n
    9:9:void doLocalWork(androidx.concurrent.futures.ResolvableFuture):160 -> z_n
    10:10:android.content.Context app.notifee.core.ContextHolder.getApplicationContext():9:9 -> z_n
    10:10:void doLocalWork(androidx.concurrent.futures.ResolvableFuture):161 -> z_n
    11:13:void doLocalWork(androidx.concurrent.futures.ResolvableFuture):161:163 -> z_n
    14:14:app.notifee.core.LicenseManager getInstance():140:140 -> z_n
    14:14:void doLocalWork(androidx.concurrent.futures.ResolvableFuture):168 -> z_n
    15:15:void doLocalWork(androidx.concurrent.futures.ResolvableFuture):168:168 -> z_n
    16:16:app.notifee.core.Preferences app.notifee.core.Preferences.getSharedInstance():12:12 -> z_n
    16:16:void doLocalWork(androidx.concurrent.futures.ResolvableFuture):171 -> z_n
    17:17:void app.notifee.core.Preferences.setIntValue(java.lang.String,int):36:36 -> z_n
    17:17:void doLocalWork(androidx.concurrent.futures.ResolvableFuture):172 -> z_n
    18:18:android.content.Context app.notifee.core.ContextHolder.getApplicationContext():9:9 -> z_n
    18:18:void doLocalWork(androidx.concurrent.futures.ResolvableFuture):173 -> z_n
    19:26:void doLocalWork(androidx.concurrent.futures.ResolvableFuture):173:180 -> z_n
    27:27:app.notifee.core.Preferences app.notifee.core.Preferences.getSharedInstance():12:12 -> z_n
    27:27:void doLocalWork(androidx.concurrent.futures.ResolvableFuture):182 -> z_n
    28:28:void app.notifee.core.Preferences.setIntValue(java.lang.String,int):36:36 -> z_n
    28:28:void doLocalWork(androidx.concurrent.futures.ResolvableFuture):183 -> z_n
    29:29:android.content.Context app.notifee.core.ContextHolder.getApplicationContext():9:9 -> z_n
    29:29:void doLocalWork(androidx.concurrent.futures.ResolvableFuture):184 -> z_n
    30:37:void doLocalWork(androidx.concurrent.futures.ResolvableFuture):184:191 -> z_n
    38:38:android.content.Context app.notifee.core.ContextHolder.getApplicationContext():9:9 -> z_n
    38:38:void doLocalWork(androidx.concurrent.futures.ResolvableFuture):192 -> z_n
    39:40:void doLocalWork(androidx.concurrent.futures.ResolvableFuture):192:193 -> z_n
    41:41:app.notifee.core.Preferences app.notifee.core.Preferences.getSharedInstance():12:12 -> z_n
    41:41:void doLocalWork(androidx.concurrent.futures.ResolvableFuture):195 -> z_n
    42:42:void app.notifee.core.Preferences.setIntValue(java.lang.String,int):36:36 -> z_n
    42:42:void doLocalWork(androidx.concurrent.futures.ResolvableFuture):196 -> z_n
    43:43:void doLocalWork(androidx.concurrent.futures.ResolvableFuture):197:197 -> z_n
    44:44:android.content.Context app.notifee.core.ContextHolder.getApplicationContext():9:9 -> z_n
    44:44:void doLocalWork(androidx.concurrent.futures.ResolvableFuture):201 -> z_n
    45:53:void doLocalWork(androidx.concurrent.futures.ResolvableFuture):201:209 -> z_n
    54:54:app.notifee.core.Preferences app.notifee.core.Preferences.getSharedInstance():12:12 -> z_n
    54:54:void doLocalWork(androidx.concurrent.futures.ResolvableFuture):211 -> z_n
    55:55:void app.notifee.core.Preferences.setIntValue(java.lang.String,int):36:36 -> z_n
    55:55:void doLocalWork(androidx.concurrent.futures.ResolvableFuture):212 -> z_n
    56:56:void doLocalWork(androidx.concurrent.futures.ResolvableFuture):213:213 -> z_n
    57:57:android.content.Context app.notifee.core.ContextHolder.getApplicationContext():9:9 -> z_n
    57:57:void doLocalWork(androidx.concurrent.futures.ResolvableFuture):214 -> z_n
    58:74:void doLocalWork(androidx.concurrent.futures.ResolvableFuture):214:230 -> z_n
    75:75:app.notifee.core.Preferences app.notifee.core.Preferences.getSharedInstance():12:12 -> z_n
    75:75:void doLocalWork(androidx.concurrent.futures.ResolvableFuture):233 -> z_n
    76:76:void app.notifee.core.Preferences.setIntValue(java.lang.String,int):36:36 -> z_n
    76:76:void doLocalWork(androidx.concurrent.futures.ResolvableFuture):233 -> z_n
    77:79:void doLocalWork(androidx.concurrent.futures.ResolvableFuture):235:237 -> z_n
    80:81:void doRemoteWork(androidx.work.Data,androidx.concurrent.futures.ResolvableFuture):249:250 -> z_n
    82:82:app.notifee.core.JSONConfig app.notifee.core.JSONConfig.getInstance():27:27 -> z_n
    82:82:void doRemoteWork(androidx.work.Data,androidx.concurrent.futures.ResolvableFuture):252 -> z_n
    83:84:java.lang.String app.notifee.core.JSONConfig.getString(java.lang.String,java.lang.String):46:47 -> z_n
    83:84:void doRemoteWork(androidx.work.Data,androidx.concurrent.futures.ResolvableFuture):252 -> z_n
    85:86:void doRemoteWork(androidx.work.Data,androidx.concurrent.futures.ResolvableFuture):254:255 -> z_n
    87:101:java.lang.String buildVerifyLicenseRequestToken(java.lang.String):408:422 -> z_n
    87:101:void doRemoteWork(androidx.work.Data,androidx.concurrent.futures.ResolvableFuture):259 -> z_n
    102:102:android.content.Context app.notifee.core.ContextHolder.getApplicationContext():9:9 -> z_n
    102:102:android.content.pm.PackageInfo getPackageInfo():444 -> z_n
    102:102:java.lang.String buildVerifyLicenseRequestToken(java.lang.String):425 -> z_n
    102:102:void doRemoteWork(androidx.work.Data,androidx.concurrent.futures.ResolvableFuture):259 -> z_n
    103:103:android.content.pm.PackageInfo getPackageInfo():444:444 -> z_n
    103:103:java.lang.String buildVerifyLicenseRequestToken(java.lang.String):425 -> z_n
    103:103:void doRemoteWork(androidx.work.Data,androidx.concurrent.futures.ResolvableFuture):259 -> z_n
    104:104:android.content.Context app.notifee.core.ContextHolder.getApplicationContext():9:9 -> z_n
    104:104:android.content.pm.PackageInfo getPackageInfo():445 -> z_n
    104:104:java.lang.String buildVerifyLicenseRequestToken(java.lang.String):425 -> z_n
    104:104:void doRemoteWork(androidx.work.Data,androidx.concurrent.futures.ResolvableFuture):259 -> z_n
    105:105:android.content.pm.PackageInfo getPackageInfo():445:445 -> z_n
    105:105:java.lang.String buildVerifyLicenseRequestToken(java.lang.String):425 -> z_n
    105:105:void doRemoteWork(androidx.work.Data,androidx.concurrent.futures.ResolvableFuture):259 -> z_n
    106:108:java.lang.String buildVerifyLicenseRequestToken(java.lang.String):425:427 -> z_n
    106:108:void doRemoteWork(androidx.work.Data,androidx.concurrent.futures.ResolvableFuture):259 -> z_n
    109:109:app.notifee.core.NotifeeConfig app.notifee.core.Notifee.getNotifeeConfig():66:66 -> z_n
    109:109:java.lang.String buildVerifyLicenseRequestToken(java.lang.String):430 -> z_n
    109:109:void doRemoteWork(androidx.work.Data,androidx.concurrent.futures.ResolvableFuture):259 -> z_n
    110:110:java.lang.String buildVerifyLicenseRequestToken(java.lang.String):430:430 -> z_n
    110:110:void doRemoteWork(androidx.work.Data,androidx.concurrent.futures.ResolvableFuture):259 -> z_n
    111:111:app.notifee.core.NotifeeConfig app.notifee.core.Notifee.getNotifeeConfig():66:66 -> z_n
    111:111:java.lang.String buildVerifyLicenseRequestToken(java.lang.String):431 -> z_n
    111:111:void doRemoteWork(androidx.work.Data,androidx.concurrent.futures.ResolvableFuture):259 -> z_n
    112:115:java.lang.String buildVerifyLicenseRequestToken(java.lang.String):431:434 -> z_n
    112:115:void doRemoteWork(androidx.work.Data,androidx.concurrent.futures.ResolvableFuture):259 -> z_n
    116:119:java.security.PrivateKey loadPrivateKey(java.lang.String):492:495 -> z_n
    116:119:java.lang.String buildVerifyLicenseRequestToken(java.lang.String):434 -> z_n
    116:119:void doRemoteWork(androidx.work.Data,androidx.concurrent.futures.ResolvableFuture):259 -> z_n
    120:126:java.lang.String buildVerifyLicenseRequestToken(java.lang.String):434:440 -> z_n
    120:126:void doRemoteWork(androidx.work.Data,androidx.concurrent.futures.ResolvableFuture):259 -> z_n
    127:127:java.lang.String buildVerifyLicenseRequestToken(java.lang.String):436:436 -> z_n
    127:127:void doRemoteWork(androidx.work.Data,androidx.concurrent.futures.ResolvableFuture):259 -> z_n
    128:134:void doRemoteWork(androidx.work.Data,androidx.concurrent.futures.ResolvableFuture):261:267 -> z_n
    135:151:void scheduleRemoteWork(long,boolean,androidx.work.ExistingPeriodicWorkPolicy):376:392 -> z_n
    152:152:android.content.Context app.notifee.core.ContextHolder.getApplicationContext():9:9 -> z_n
    152:152:void scheduleRemoteWork(long,boolean,androidx.work.ExistingPeriodicWorkPolicy):395 -> z_n
    153:155:void scheduleRemoteWork(long,boolean,androidx.work.ExistingPeriodicWorkPolicy):395:397 -> z_n
    156:156:void scheduleRemoteWork(long,boolean,androidx.work.ExistingPeriodicWorkPolicy):396:396 -> z_n
    157:157:io.jsonwebtoken.Jws verifyToken(java.lang.String):503:503 -> z_n
    158:161:java.security.PublicKey loadPublicKey(java.lang.String):485:488 -> z_n
    158:161:io.jsonwebtoken.Jws verifyToken(java.lang.String):503 -> z_n
    162:164:io.jsonwebtoken.Jws verifyToken(java.lang.String):503:505 -> z_n
    1:1:android.content.Context app.notifee.core.ContextHolder.getApplicationContext():9:9 -> z_t
    1:1:boolean isLicenseInvalid():456 -> z_t
    2:2:boolean isLicenseInvalid():456:456 -> z_t
    3:3:app.notifee.core.Preferences app.notifee.core.Preferences.getSharedInstance():12:12 -> z_t
    3:3:int getLocalStatus():475 -> z_t
    3:3:boolean isLicenseInvalid():466 -> z_t
    4:4:int getLocalStatus():476:476 -> z_t
    4:4:boolean isLicenseInvalid():466 -> z_t
    5:5:app.notifee.core.Preferences app.notifee.core.Preferences.getSharedInstance():12:12 -> z_t
    5:5:int getRemoteStatus():480 -> z_t
    5:5:boolean isLicenseInvalid():467 -> z_t
    6:6:int getRemoteStatus():481:481 -> z_t
    6:6:boolean isLicenseInvalid():467 -> z_t
    7:8:void logLicenseWarningForMethod(java.lang.String):512:513 -> z_t
app.notifee.core.LicenseManager$1 -> n.o.t.i.f.e.e.z_f$z_n:
    androidx.concurrent.futures.ResolvableFuture val$completer -> Z_o
    boolean val$isPrimaryKey -> z_n
    1:1:void <init>(boolean,androidx.concurrent.futures.ResolvableFuture):267:267 -> <init>
    1:4:void onFailure(okhttp3.Call,java.io.IOException):272:275 -> onFailure
    5:5:void app.notifee.core.LicenseManager.access$000(long,boolean,androidx.work.ExistingPeriodicWorkPolicy):46:46 -> onFailure
    5:5:void onFailure(okhttp3.Call,java.io.IOException):275 -> onFailure
    6:6:void onFailure(okhttp3.Call,java.io.IOException):276:276 -> onFailure
    1:15:void onResponse(okhttp3.Call,okhttp3.Response):283:297 -> onResponse
    16:16:void app.notifee.core.LicenseManager.access$000(long,boolean,androidx.work.ExistingPeriodicWorkPolicy):46:46 -> onResponse
    16:16:void onResponse(okhttp3.Call,okhttp3.Response):297 -> onResponse
    17:17:app.notifee.core.LicenseManager app.notifee.core.LicenseManager.access$100():46:46 -> onResponse
    17:17:void onResponse(okhttp3.Call,okhttp3.Response):302 -> onResponse
    18:18:io.jsonwebtoken.Jws app.notifee.core.LicenseManager.access$200(app.notifee.core.LicenseManager,java.lang.String):46:46 -> onResponse
    18:18:void onResponse(okhttp3.Call,okhttp3.Response):302 -> onResponse
    19:21:void onResponse(okhttp3.Call,okhttp3.Response):306:308 -> onResponse
    22:22:void app.notifee.core.LicenseManager.access$000(long,boolean,androidx.work.ExistingPeriodicWorkPolicy):46:46 -> onResponse
    22:22:void onResponse(okhttp3.Call,okhttp3.Response):308 -> onResponse
    23:29:void onResponse(okhttp3.Call,okhttp3.Response):312:318 -> onResponse
    30:30:void app.notifee.core.LicenseManager.access$000(long,boolean,androidx.work.ExistingPeriodicWorkPolicy):46:46 -> onResponse
    30:30:void onResponse(okhttp3.Call,okhttp3.Response):318 -> onResponse
    31:31:void onResponse(okhttp3.Call,okhttp3.Response):322:322 -> onResponse
    32:32:app.notifee.core.Preferences app.notifee.core.Preferences.getSharedInstance():12:12 -> onResponse
    32:32:void onResponse(okhttp3.Call,okhttp3.Response):323 -> onResponse
    33:33:void onResponse(okhttp3.Call,okhttp3.Response):323:323 -> onResponse
    34:34:void app.notifee.core.Preferences.setIntValue(java.lang.String,int):36:36 -> onResponse
    34:34:void onResponse(okhttp3.Call,okhttp3.Response):323 -> onResponse
    35:45:void onResponse(okhttp3.Call,okhttp3.Response):328:338 -> onResponse
    46:46:void app.notifee.core.LicenseManager.access$000(long,boolean,androidx.work.ExistingPeriodicWorkPolicy) -> onResponse
    46:46:void onResponse(okhttp3.Call,okhttp3.Response):338 -> onResponse
    47:48:void onResponse(okhttp3.Call,okhttp3.Response):341:342 -> onResponse
app.notifee.core.Logger -> app.notifee.core.Logger:
    1:1:void <init>():9:9 -> <init>
    1:1:void d(java.lang.String,java.lang.String):23:23 -> d
    1:2:void e(java.lang.String,java.lang.String,java.lang.Exception):38:39 -> e
    3:4:void e(java.lang.String,java.lang.String):44:45 -> e
    5:6:void e(java.lang.String,java.lang.String,java.lang.Throwable):50:51 -> e
    1:1:void i(java.lang.String,java.lang.String):28:28 -> i
    1:1:void v(java.lang.String,java.lang.String):18:18 -> v
    1:1:void w(java.lang.String,java.lang.String):33:33 -> w
    1:1:java.lang.String tagAndMessage(java.lang.String,java.lang.String):13:13 -> z_n
app.notifee.core.Notifee -> app.notifee.core.Notifee:
    app.notifee.core.Notifee mNotifee -> z_n
    app.notifee.core.NotifeeConfig mNotifeeConfig -> Z_o
    1:1:void <init>():26:26 -> <init>
    1:4:void lambda$createChannels$3(app.notifee.core.MethodCallResult,com.google.android.gms.tasks.Task):131:134 -> Z_e
    1:4:void lambda$getChannelGroup$10(app.notifee.core.MethodCallResult,com.google.android.gms.tasks.Task):273:276 -> Z_ff
    1:4:void lambda$createChannelGroup$4(app.notifee.core.MethodCallResult,com.google.android.gms.tasks.Task):148:151 -> Z_i
    1:4:void lambda$cancelNotification$0(app.notifee.core.MethodCallResult,com.google.android.gms.tasks.Task):78:81 -> Z_o
    1:4:void lambda$getAllChannels$7(app.notifee.core.MethodCallResult,com.google.android.gms.tasks.Task):225:228 -> Z_tt
    1:1:void cancelAllNotifications(app.notifee.core.MethodCallResult):93:93 -> cancelAllNotifications
    1:1:void cancelNotification(java.lang.String,app.notifee.core.MethodCallResult):77:77 -> cancelNotification
    1:5:void configure(app.notifee.core.NotifeeConfig):46:50 -> configure
    1:3:void createChannel(android.os.Bundle,app.notifee.core.MethodCallResult):104:106 -> createChannel
    4:4:app.notifee.core.bundles.ChannelBundle app.notifee.core.bundles.ChannelBundle.fromBundle(android.os.Bundle):23:23 -> createChannel
    4:4:void createChannel(android.os.Bundle,app.notifee.core.MethodCallResult):108 -> createChannel
    5:5:void createChannel(android.os.Bundle,app.notifee.core.MethodCallResult):109:109 -> createChannel
    1:3:void createChannelGroup(android.os.Bundle,app.notifee.core.MethodCallResult):142:144 -> createChannelGroup
    4:4:app.notifee.core.bundles.ChannelGroupBundle app.notifee.core.bundles.ChannelGroupBundle.fromBundle(android.os.Bundle):19:19 -> createChannelGroup
    4:4:void createChannelGroup(android.os.Bundle,app.notifee.core.MethodCallResult):146 -> createChannelGroup
    5:5:void createChannelGroup(android.os.Bundle,app.notifee.core.MethodCallResult):147:147 -> createChannelGroup
    1:6:void createChannelGroups(java.util.List,app.notifee.core.MethodCallResult):159:164 -> createChannelGroups
    7:7:app.notifee.core.bundles.ChannelGroupBundle app.notifee.core.bundles.ChannelGroupBundle.fromBundle(android.os.Bundle):19:19 -> createChannelGroups
    7:7:void createChannelGroups(java.util.List,app.notifee.core.MethodCallResult):165 -> createChannelGroups
    8:11:void createChannelGroups(java.util.List,app.notifee.core.MethodCallResult):165:168 -> createChannelGroups
    1:6:void createChannels(java.util.List,app.notifee.core.MethodCallResult):121:126 -> createChannels
    7:7:app.notifee.core.bundles.ChannelBundle app.notifee.core.bundles.ChannelBundle.fromBundle(android.os.Bundle):23:23 -> createChannels
    7:7:void createChannels(java.util.List,app.notifee.core.MethodCallResult):127 -> createChannels
    8:11:void createChannels(java.util.List,app.notifee.core.MethodCallResult):127:130 -> createChannels
    1:3:void deleteChannel(java.lang.String,app.notifee.core.MethodCallResult):180:182 -> deleteChannel
    4:4:android.content.Context app.notifee.core.ContextHolder.getApplicationContext():9:9 -> deleteChannel
    4:4:void app.notifee.core.ChannelManager.deleteChannel(java.lang.String):111 -> deleteChannel
    4:4:void deleteChannel(java.lang.String,app.notifee.core.MethodCallResult):184 -> deleteChannel
    5:6:void app.notifee.core.ChannelManager.deleteChannel(java.lang.String):111:112 -> deleteChannel
    5:6:void deleteChannel(java.lang.String,app.notifee.core.MethodCallResult):184 -> deleteChannel
    7:7:void deleteChannel(java.lang.String,app.notifee.core.MethodCallResult):185:185 -> deleteChannel
    1:3:void deleteChannelGroup(java.lang.String,app.notifee.core.MethodCallResult):191:193 -> deleteChannelGroup
    4:4:android.content.Context app.notifee.core.ContextHolder.getApplicationContext():9:9 -> deleteChannelGroup
    4:4:void app.notifee.core.ChannelManager.deleteChannelGroup(java.lang.String):116 -> deleteChannelGroup
    4:4:void deleteChannelGroup(java.lang.String,app.notifee.core.MethodCallResult):195 -> deleteChannelGroup
    5:6:void app.notifee.core.ChannelManager.deleteChannelGroup(java.lang.String):116:117 -> deleteChannelGroup
    5:6:void deleteChannelGroup(java.lang.String,app.notifee.core.MethodCallResult):195 -> deleteChannelGroup
    7:7:void deleteChannelGroup(java.lang.String,app.notifee.core.MethodCallResult):196:196 -> deleteChannelGroup
    1:6:void displayNotification(android.os.Bundle,app.notifee.core.MethodCallResult):202:207 -> displayNotification
    1:5:void getAllChannelGroups(app.notifee.core.MethodCallResult):252:256 -> getAllChannelGroups
    1:5:void getAllChannels(app.notifee.core.MethodCallResult):220:224 -> getAllChannels
    1:5:void getChannel(java.lang.String,app.notifee.core.MethodCallResult):236:240 -> getChannel
    1:5:void getChannelGroup(java.lang.String,app.notifee.core.MethodCallResult):268:272 -> getChannelGroup
    1:1:android.content.Context app.notifee.core.ContextHolder.getApplicationContext():9:9 -> getContext
    1:1:android.content.Context getContext():39 -> getContext
    1:6:void getInitialNotification(app.notifee.core.MethodCallResult):284:289 -> getInitialNotification
    1:1:app.notifee.core.Notifee getInstance():33:33 -> getInstance
    1:30:void openNotificationSettings(java.lang.String,android.app.Activity,app.notifee.core.MethodCallResult):297:326 -> openNotificationSettings
    31:35:void openNotificationSettings(java.lang.String,android.app.Activity,app.notifee.core.MethodCallResult):302:306 -> openNotificationSettings
    1:4:void lambda$createChannelGroups$5(app.notifee.core.MethodCallResult,com.google.android.gms.tasks.Task):169:172 -> z_f
    1:4:void lambda$getChannel$8(app.notifee.core.MethodCallResult,com.google.android.gms.tasks.Task):241:244 -> z_ii
    1:4:void initialize(app.notifee.core.NotifeeConfig):54:57 -> z_n
    5:5:void app.notifee.core.database.Database.initialize():22:22 -> z_n
    5:5:void initialize(app.notifee.core.NotifeeConfig):58 -> z_n
    6:6:android.content.Context app.notifee.core.ContextHolder.getApplicationContext():9:9 -> z_n
    6:6:void app.notifee.core.database.Database.initialize():24 -> z_n
    6:6:void initialize(app.notifee.core.NotifeeConfig):58 -> z_n
    7:8:void app.notifee.core.database.Database.initialize():24:25 -> z_n
    7:8:void initialize(app.notifee.core.NotifeeConfig):58 -> z_n
    9:9:void initialize(app.notifee.core.NotifeeConfig):59:59 -> z_n
    10:11:void app.notifee.core.JSONConfig.initialize(java.lang.String):21:22 -> z_n
    10:11:void initialize(app.notifee.core.NotifeeConfig):59 -> z_n
    12:14:void initialize(app.notifee.core.NotifeeConfig):60:62 -> z_n
    15:18:void lambda$cancelAllNotifications$1(app.notifee.core.MethodCallResult,com.google.android.gms.tasks.Task):94:97 -> z_n
    19:19:void lambda$openNotificationSettings$11(android.content.Intent):325:325 -> z_n
    1:5:void lambda$displayNotification$6(app.notifee.core.MethodCallResult,com.google.android.gms.tasks.Task):208:212 -> z_nn
    1:4:void lambda$getAllChannelGroups$9(app.notifee.core.MethodCallResult,com.google.android.gms.tasks.Task):257:260 -> z_oo
    1:4:void lambda$createChannel$2(app.notifee.core.MethodCallResult,com.google.android.gms.tasks.Task):110:113 -> z_t
app.notifee.core.NotifeeConfig -> app.notifee.core.NotifeeConfig:
    java.lang.String mFrameworkVersion -> z_t
    java.lang.String mProductVersion -> Z_o
    app.notifee.core.EventListener mEventSubscriber -> Z_i
    java.lang.String mJsonConfig -> z_n
    1:5:void <init>(java.lang.String,java.lang.String,java.lang.String,app.notifee.core.EventListener):13:17 -> <init>
    1:5:void <init>(java.lang.String,java.lang.String,java.lang.String,app.notifee.core.EventListener,app.notifee.core.NotifeeConfig$1):4 -> <init>
    1:1:java.lang.String getProductVersion():25:25 -> Z_i
    1:1:java.lang.String getFrameworkVersion():29:29 -> Z_o
    1:1:app.notifee.core.EventListener getEventSubscriber():33:33 -> z_n
    1:1:java.lang.String getJsonConfig():21:21 -> z_t
app.notifee.core.NotifeeConfig$1 -> app.notifee.core.NotifeeConfig$z_n:
app.notifee.core.NotifeeConfig$Builder -> app.notifee.core.NotifeeConfig$Builder:
    java.lang.String mFrameworkVersion -> z_t
    java.lang.String mProductVersion -> Z_o
    app.notifee.core.EventListener mEventSubscriber -> Z_i
    java.lang.String mJsonConfig -> z_n
    1:1:void <init>():37:37 -> <init>
    1:1:app.notifee.core.NotifeeConfig build():65:65 -> build
    1:1:void setEventSubscriber(app.notifee.core.EventListener):60:60 -> setEventSubscriber
    1:1:void setFrameworkVersion(java.lang.String):55:55 -> setFrameworkVersion
    1:1:void setJsonConfig(java.lang.String):45:45 -> setJsonConfig
    1:1:void setProductVersion(java.lang.String):50:50 -> setProductVersion
app.notifee.core.NotificationManager -> n.o.t.i.f.e.e.Z_e:
    java.util.concurrent.ExecutorService CACHED_THREAD_POOL -> z_n
    1:1:void <clinit>():37:37 -> <clinit>
    1:1:android.content.Context app.notifee.core.ContextHolder.getApplicationContext():9:9 -> Z_o
    1:1:java.lang.Void lambda$cancelAllNotifications$5():304 -> Z_o
    2:3:java.lang.Void lambda$cancelAllNotifications$5():304:305 -> Z_o
    4:241:com.google.android.gms.tasks.Task notificationBundleToBuilder(app.notifee.core.bundles.NotificationBundle):42:279 -> Z_o
    242:257:androidx.core.app.NotificationCompat$Builder lambda$notificationBundleToBuilder$3(app.notifee.core.bundles.NotificationAndroidBundle,com.google.android.gms.tasks.Task):252:267 -> Z_o
    258:260:java.lang.Void lambda$cancelNotification$4(java.lang.String):285:287 -> Z_o
    261:261:android.content.Context app.notifee.core.ContextHolder.getApplicationContext():9:9 -> Z_o
    261:261:java.lang.Void lambda$cancelNotification$4(java.lang.String):289 -> Z_o
    262:263:java.lang.Void lambda$cancelNotification$4(java.lang.String):289:290 -> Z_o
    1:1:androidx.core.app.NotificationCompat$Builder lambda$notificationBundleToBuilder$0(app.notifee.core.bundles.NotificationAndroidBundle,app.notifee.core.bundles.NotificationBundle):48:48 -> z_n
    2:2:android.content.Context app.notifee.core.ContextHolder.getApplicationContext():9:9 -> z_n
    2:2:androidx.core.app.NotificationCompat$Builder lambda$notificationBundleToBuilder$0(app.notifee.core.bundles.NotificationAndroidBundle,app.notifee.core.bundles.NotificationBundle):49 -> z_n
    3:10:androidx.core.app.NotificationCompat$Builder lambda$notificationBundleToBuilder$0(app.notifee.core.bundles.NotificationAndroidBundle,app.notifee.core.bundles.NotificationBundle):49:56 -> z_n
    11:11:androidx.core.app.NotificationCompat$Builder lambda$notificationBundleToBuilder$0(app.notifee.core.bundles.NotificationAndroidBundle,app.notifee.core.bundles.NotificationBundle):55:55 -> z_n
    12:20:androidx.core.app.NotificationCompat$Builder lambda$notificationBundleToBuilder$0(app.notifee.core.bundles.NotificationAndroidBundle,app.notifee.core.bundles.NotificationBundle):54:62 -> z_n
    21:21:androidx.core.app.NotificationCompat$Builder lambda$notificationBundleToBuilder$0(app.notifee.core.bundles.NotificationAndroidBundle,app.notifee.core.bundles.NotificationBundle):61:61 -> z_n
    22:82:androidx.core.app.NotificationCompat$Builder lambda$notificationBundleToBuilder$0(app.notifee.core.bundles.NotificationAndroidBundle,app.notifee.core.bundles.NotificationBundle):60:120 -> z_n
    83:83:int app.notifee.core.bundles.NotificationAndroidBundle$AndroidProgress.getMax():535:535 -> z_n
    83:83:androidx.core.app.NotificationCompat$Builder lambda$notificationBundleToBuilder$0(app.notifee.core.bundles.NotificationAndroidBundle,app.notifee.core.bundles.NotificationBundle):122 -> z_n
    84:84:int app.notifee.core.bundles.NotificationAndroidBundle$AndroidProgress.getCurrent():539:539 -> z_n
    84:84:androidx.core.app.NotificationCompat$Builder lambda$notificationBundleToBuilder$0(app.notifee.core.bundles.NotificationAndroidBundle,app.notifee.core.bundles.NotificationBundle):122 -> z_n
    85:85:boolean app.notifee.core.bundles.NotificationAndroidBundle$AndroidProgress.getIndeterminate():543:543 -> z_n
    85:85:androidx.core.app.NotificationCompat$Builder lambda$notificationBundleToBuilder$0(app.notifee.core.bundles.NotificationAndroidBundle,app.notifee.core.bundles.NotificationBundle):122 -> z_n
    86:127:androidx.core.app.NotificationCompat$Builder lambda$notificationBundleToBuilder$0(app.notifee.core.bundles.NotificationAndroidBundle,app.notifee.core.bundles.NotificationBundle):122:163 -> z_n
    128:133:androidx.core.app.NotificationCompat$Builder lambda$notificationBundleToBuilder$1(app.notifee.core.bundles.NotificationAndroidBundle,com.google.android.gms.tasks.Task):172:177 -> z_n
    134:139:androidx.core.app.NotificationCompat$Builder lambda$notificationBundleToBuilder$1(app.notifee.core.bundles.NotificationAndroidBundle,com.google.android.gms.tasks.Task):176:181 -> z_n
    140:153:androidx.core.app.NotificationCompat$Builder lambda$notificationBundleToBuilder$2(app.notifee.core.bundles.NotificationAndroidBundle,app.notifee.core.bundles.NotificationBundle,com.google.android.gms.tasks.Task):192:205 -> z_n
    154:168:androidx.core.app.NotificationCompat$Builder lambda$notificationBundleToBuilder$2(app.notifee.core.bundles.NotificationAndroidBundle,app.notifee.core.bundles.NotificationBundle,com.google.android.gms.tasks.Task):201:215 -> z_n
    169:177:androidx.core.app.NotificationCompat$Builder lambda$notificationBundleToBuilder$2(app.notifee.core.bundles.NotificationAndroidBundle,app.notifee.core.bundles.NotificationBundle,com.google.android.gms.tasks.Task):213:221 -> z_n
    178:200:androidx.core.app.NotificationCompat$Builder lambda$notificationBundleToBuilder$2(app.notifee.core.bundles.NotificationAndroidBundle,app.notifee.core.bundles.NotificationBundle,com.google.android.gms.tasks.Task):219:241 -> z_n
    201:201:com.google.android.gms.tasks.Task cancelNotification(java.lang.String):283:283 -> z_n
    202:202:com.google.android.gms.tasks.Task cancelAllNotifications():301:301 -> z_n
    203:204:com.google.android.gms.tasks.Task displayNotification(app.notifee.core.bundles.NotificationBundle):313:314 -> z_n
    205:211:java.lang.Void lambda$displayNotification$6(app.notifee.core.bundles.NotificationBundle,com.google.android.gms.tasks.Task):315:321 -> z_n
    212:212:android.content.Context app.notifee.core.ContextHolder.getApplicationContext():9:9 -> z_n
    212:212:java.lang.Void lambda$displayNotification$6(app.notifee.core.bundles.NotificationBundle,com.google.android.gms.tasks.Task):322 -> z_n
    213:213:java.lang.Void lambda$displayNotification$6(app.notifee.core.bundles.NotificationBundle,com.google.android.gms.tasks.Task):323:323 -> z_n
    214:214:java.lang.Void lambda$displayNotification$6(app.notifee.core.bundles.NotificationBundle,com.google.android.gms.tasks.Task):322:322 -> z_n
    215:215:android.content.Context app.notifee.core.ContextHolder.getApplicationContext():9:9 -> z_n
    215:215:java.lang.Void lambda$displayNotification$6(app.notifee.core.bundles.NotificationBundle,com.google.android.gms.tasks.Task):326 -> z_n
    216:220:java.lang.Void lambda$displayNotification$6(app.notifee.core.bundles.NotificationBundle,com.google.android.gms.tasks.Task):326:330 -> z_n
app.notifee.core.Preferences -> n.o.t.i.f.e.e.z_nn:
    android.content.SharedPreferences preferences -> z_n
    app.notifee.core.Preferences sharedInstance -> Z_o
    1:1:void <clinit>():8:8 -> <clinit>
    1:1:void <init>():6:6 -> <init>
    1:1:int getIntValue(java.lang.String,int):40:40 -> z_n
    2:2:android.content.SharedPreferences getPreferences():56:56 -> z_n
    3:3:android.content.Context app.notifee.core.ContextHolder.getApplicationContext():9:9 -> z_n
    3:3:android.content.SharedPreferences getPreferences():57 -> z_n
    4:5:android.content.SharedPreferences getPreferences():58:59 -> z_n
app.notifee.core.ReceiverService -> app.notifee.core.ReceiverService:
    1:1:void <init>():22:22 -> <init>
    1:8:int onStartCommand(android.content.Intent,int,int):67:74 -> onStartCommand
    9:21:void onDeleteIntent(android.content.Intent):90:102 -> onStartCommand
    9:21:int onStartCommand(android.content.Intent,int,int):76 -> onStartCommand
    22:54:void onActionPressIntent(android.content.Intent):111:143 -> onStartCommand
    22:54:int onStartCommand(android.content.Intent,int,int):78 -> onStartCommand
    1:1:android.content.Context app.notifee.core.ContextHolder.getApplicationContext():9:9 -> z_n
    1:1:android.app.PendingIntent createIntent(java.lang.String,java.lang.String[],android.os.Bundle[]):40 -> z_n
    2:17:android.app.PendingIntent createIntent(java.lang.String,java.lang.String[],android.os.Bundle[]):41:56 -> z_n
app.notifee.core.Worker -> app.notifee.core.Worker:
    androidx.concurrent.futures.ResolvableFuture mFuture -> z_n
    1:1:void <init>(android.content.Context,androidx.work.WorkerParameters):31:31 -> <init>
    1:2:void onStopped():36:37 -> onStopped
    1:22:com.google.common.util.concurrent.ListenableFuture startWork():43:64 -> startWork
    23:23:com.google.common.util.concurrent.ListenableFuture startWork():60:60 -> startWork
    24:24:com.google.common.util.concurrent.ListenableFuture startWork():57:57 -> startWork
    25:40:com.google.common.util.concurrent.ListenableFuture startWork():53:68 -> startWork
app.notifee.core.bundles.ChannelBundle -> n.o.t.i.f.e.e.z_oo:
    android.os.Bundle mChannelBundle -> z_n
    1:2:void <init>(android.os.Bundle):18:19 -> <init>
    1:2:java.lang.Integer getLightColor():72:73 -> z_n
app.notifee.core.bundles.ChannelGroupBundle -> n.o.t.i.f.e.e.Z_tt:
    android.os.Bundle mChannelGroupBundle -> z_n
    1:2:void <init>(android.os.Bundle):14:15 -> <init>
app.notifee.core.bundles.NotificationAndroidActionBundle -> app.notifee.core.bundles.NotificationAndroidActionBundle:
    1:2:void <init>(android.os.Bundle):24:25 -> <init>
    1:1:app.notifee.core.bundles.NotificationAndroidActionBundle fromBundle(android.os.Bundle):29:29 -> fromBundle
    1:1:java.lang.String getIcon():50:50 -> getIcon
    1:2:app.notifee.core.bundles.NotificationAndroidPressActionBundle getPressAction():60:61 -> getPressAction
    1:41:androidx.core.app.RemoteInput getRemoteInput(androidx.core.app.NotificationCompat$Action$Builder):73:113 -> getRemoteInput
    1:1:java.lang.String getTitle():43:43 -> getTitle
    1:1:android.os.Bundle toBundle():33:33 -> toBundle
app.notifee.core.bundles.NotificationAndroidBundle -> app.notifee.core.bundles.NotificationAndroidBundle:
    1:2:void <init>(android.os.Bundle):23:24 -> <init>
    1:1:app.notifee.core.bundles.NotificationAndroidBundle fromBundle(android.os.Bundle):28:28 -> fromBundle
    1:7:java.util.ArrayList getActions():33:39 -> getActions
    1:1:java.lang.Boolean getAsForegroundService():54:54 -> getAsForegroundService
    1:1:java.lang.Boolean getAutoCancel():63:63 -> getAutoCancel
    1:5:java.lang.Integer getBadgeIconType():73:77 -> getBadgeIconType
    1:1:java.lang.String getCategory():101:101 -> getCategory
    1:2:java.lang.String getChannelId():87:88 -> getChannelId
    1:6:java.lang.Boolean getChronometerCountDown():133:138 -> getChronometerCountDown
    1:2:java.lang.Integer getColor():111:112 -> getColor
    1:1:java.lang.Boolean getColorized():124:124 -> getColorized
    1:16:java.lang.Integer getDefaults():147:162 -> getDefaults
    1:1:java.lang.String getGroup():172:172 -> getGroup
    1:2:int getGroupAlertBehaviour():181:182 -> getGroupAlertBehaviour
    1:1:java.lang.Boolean getGroupSummary():194:194 -> getGroupSummary
    1:5:java.lang.CharSequence[] getInputHistory():204:208 -> getInputHistory
    1:2:java.lang.String getLargeIcon():227:228 -> getLargeIcon
    1:9:java.util.ArrayList getLights():241:249 -> getLights
    1:1:java.lang.Boolean getLocalOnly():263:263 -> getLocalOnly
    1:2:java.lang.Integer getNumber():272:273 -> getNumber
    1:1:java.lang.Boolean getOngoing():285:285 -> getOngoing
    1:1:java.lang.Boolean getOnlyAlertOnce():294:294 -> getOnlyAlertOnce
    1:1:android.os.Bundle getPressAction():304:304 -> getPressAction
    1:5:int getPriority():314:318 -> getPriority
    1:6:app.notifee.core.bundles.NotificationAndroidBundle$AndroidProgress getProgress():339:344 -> getProgress
    1:1:java.lang.String getShortcutId():358:358 -> getShortcutId
    1:1:java.lang.Boolean getShowChronometer():471:471 -> getShowChronometer
    1:1:java.lang.Boolean getShowTimestamp():367:367 -> getShowTimestamp
    1:5:java.lang.Integer getSmallIcon():375:379 -> getSmallIcon
    6:8:int app.notifee.core.utils.ResourceUtils.getImageResourceId(java.lang.String):140:142 -> getSmallIcon
    6:8:java.lang.Integer getSmallIcon():380 -> getSmallIcon
    9:10:java.lang.Integer getSmallIcon():383:384 -> getSmallIcon
    11:17:java.lang.Integer getSmallIcon():383:389 -> getSmallIcon
    1:5:java.lang.Integer getSmallIconLevel():399:403 -> getSmallIconLevel
    1:1:java.lang.String getSortKey():413:413 -> getSortKey
    1:6:app.notifee.core.bundles.NotificationAndroidStyleBundle getStyle():432:437 -> getStyle
    7:7:app.notifee.core.bundles.NotificationAndroidStyleBundle getStyle():436:436 -> getStyle
    1:1:java.lang.String getTicker():448:448 -> getTicker
    1:2:java.lang.Long getTimeoutAfter():458:459 -> getTimeoutAfter
    1:2:long getTimestamp():516:517 -> getTimestamp
    1:12:long[] getVibrationPattern():480:491 -> getVibrationPattern
    1:2:int getVisibility():503:504 -> getVisibility
    1:1:java.lang.Boolean hasLargeIcon():220:220 -> hasLargeIcon
    1:1:java.lang.Boolean hasStyle():422:422 -> hasStyle
app.notifee.core.bundles.NotificationAndroidBundle$AndroidProgress -> app.notifee.core.bundles.NotificationAndroidBundle$z_n:
    int max -> z_n
    boolean indeterminate -> z_t
    int current -> Z_o
    1:4:void <init>(app.notifee.core.bundles.NotificationAndroidBundle,int,int,boolean):528:531 -> <init>
app.notifee.core.bundles.NotificationAndroidPressActionBundle -> app.notifee.core.bundles.NotificationAndroidPressActionBundle:
    1:2:void <init>(android.os.Bundle):16:17 -> <init>
    1:1:app.notifee.core.bundles.NotificationAndroidPressActionBundle fromBundle(android.os.Bundle):25:25 -> fromBundle
    1:1:java.lang.String getId():30:30 -> getId
    1:1:java.lang.String getLaunchActivity():35:35 -> getLaunchActivity
    1:1:java.lang.String getReactComponent():40:40 -> getReactComponent
    1:1:android.os.Bundle toBundle():21:21 -> toBundle
app.notifee.core.bundles.NotificationAndroidStyleBundle -> app.notifee.core.bundles.NotificationAndroidStyleBundle:
    1:2:void <init>(android.os.Bundle):29:30 -> <init>
    1:1:app.notifee.core.bundles.NotificationAndroidStyleBundle fromBundle(android.os.Bundle):34:34 -> fromBundle
    1:1:com.google.android.gms.tasks.Task getBigPictureStyleTask(java.util.concurrent.Executor):116:116 -> getBigPictureStyleTask
    1:12:androidx.core.app.NotificationCompat$BigTextStyle getBigTextStyle():163:174 -> getBigTextStyle
    1:15:androidx.core.app.NotificationCompat$InboxStyle getInboxStyle():186:200 -> getInboxStyle
    1:1:com.google.android.gms.tasks.Task getMessagingStyleTask(java.util.concurrent.Executor):210:210 -> getMessagingStyleTask
    1:1:com.google.android.gms.tasks.Task getPerson(java.util.concurrent.Executor,android.os.Bundle):44:44 -> getPerson
    1:15:com.google.android.gms.tasks.Task getStyleTask(java.util.concurrent.Executor):89:103 -> getStyleTask
    16:16:com.google.android.gms.tasks.Task getStyleTask(java.util.concurrent.Executor):100:100 -> getStyleTask
    17:17:com.google.android.gms.tasks.Task getStyleTask(java.util.concurrent.Executor):97:97 -> getStyleTask
    18:18:com.google.android.gms.tasks.Task getStyleTask(java.util.concurrent.Executor):94:94 -> getStyleTask
    1:1:android.os.Bundle toBundle():84:84 -> toBundle
    1:20:androidx.core.app.Person lambda$getPerson$0(android.os.Bundle):45:64 -> z_n
    21:21:androidx.core.app.Person lambda$getPerson$0(android.os.Bundle):63:63 -> z_n
    22:39:androidx.core.app.Person lambda$getPerson$0(android.os.Bundle):62:79 -> z_n
    40:45:androidx.core.app.NotificationCompat$Style lambda$getBigPictureStyleTask$1():117:122 -> z_n
    46:46:androidx.core.app.NotificationCompat$Style lambda$getBigPictureStyleTask$1():121:121 -> z_n
    47:62:androidx.core.app.NotificationCompat$Style lambda$getBigPictureStyleTask$1():120:135 -> z_n
    63:63:androidx.core.app.NotificationCompat$Style lambda$getBigPictureStyleTask$1():134:134 -> z_n
    64:81:androidx.core.app.NotificationCompat$Style lambda$getBigPictureStyleTask$1():133:150 -> z_n
    82:83:androidx.core.app.NotificationCompat$Style lambda$getMessagingStyleTask$2(java.util.concurrent.Executor):211:212 -> z_n
    84:108:androidx.core.app.NotificationCompat$Style lambda$getMessagingStyleTask$2(java.util.concurrent.Executor):211:235 -> z_n
    109:115:androidx.core.app.NotificationCompat$Style lambda$getMessagingStyleTask$2(java.util.concurrent.Executor):234:240 -> z_n
app.notifee.core.bundles.NotificationBundle -> app.notifee.core.bundles.NotificationBundle:
    android.os.Bundle mNotificationBundle -> z_n
    1:2:void <init>(android.os.Bundle):20:21 -> <init>
    1:1:java.lang.String getSubTitle():60:60 -> Z_e
    1:1:java.lang.Integer getHashCode():45:45 -> Z_i
    1:1:java.lang.String getBody():65:65 -> Z_o
    1:3:app.notifee.core.bundles.NotificationBundle fromJSONString(java.lang.String):35:37 -> fromJSONString
    1:1:android.os.Bundle toBundle():97:97 -> toBundle
    1:1:java.lang.String toJSONString():89:89 -> toJSONString
    2:7:org.json.JSONObject app.notifee.core.utils.JSONUtils.convertToJSON(android.os.Bundle):153:158 -> toJSONString
    2:7:java.lang.String toJSONString():89 -> toJSONString
    8:9:java.lang.Object app.notifee.core.utils.JSONUtils.jsonWrapValue(java.lang.Object):168:169 -> toJSONString
    8:9:org.json.JSONObject app.notifee.core.utils.JSONUtils.convertToJSON(android.os.Bundle):158 -> toJSONString
    8:9:java.lang.String toJSONString():89 -> toJSONString
    10:10:org.json.JSONObject app.notifee.core.utils.JSONUtils.convertToJSON(android.os.Bundle):158:158 -> toJSONString
    10:10:java.lang.String toJSONString():89 -> toJSONString
    11:11:java.lang.String toJSONString():89:89 -> toJSONString
    1:1:java.lang.String getId():50:50 -> z_f
    1:1:app.notifee.core.bundles.NotificationBundle fromBundle(android.os.Bundle):25:25 -> z_n
    2:3:app.notifee.core.bundles.NotificationAndroidBundle getAndroidBundle():70:71 -> z_n
    4:4:app.notifee.core.bundles.NotificationAndroidBundle getAndroidBundle():70:70 -> z_n
    1:1:java.lang.String getTitle():55:55 -> z_nn
    1:3:android.os.Bundle getData():77:79 -> z_t
app.notifee.core.database.Database -> app.notifee.core.database.Database:
    app.notifee.core.database.Database database -> z_n
    1:1:void <init>():17:17 -> <init>
    1:13:void onNotificationEvent(app.notifee.core.events.NotificationEvent):31:43 -> onNotificationEvent
    app.notifee.core.database.DatabaseNotificationDao getDao() -> z_n
app.notifee.core.database.DatabaseNotificationDao -> n.o.t.i.f.e.e.z_ii:
app.notifee.core.database.DatabaseNotificationDao_Impl -> n.o.t.i.f.e.e.Z_ff:
    androidx.room.RoomDatabase __db -> z_n
    androidx.room.EntityInsertionAdapter __insertionAdapterOfDatabaseNotificationEntity -> Z_o
    androidx.room.EntityDeletionOrUpdateAdapter __updateAdapterOfDatabaseNotificationEntity -> Z_i
    androidx.room.EntityDeletionOrUpdateAdapter __deletionAdapterOfDatabaseNotificationEntity -> z_t
    androidx.room.SharedSQLiteStatement __preparedStmtOfTrimRows -> z_f
    1:113:void <init>(androidx.room.RoomDatabase):30:142 -> <init>
    1:8:void delete(app.notifee.core.database.DatabaseNotificationEntity):165:172 -> delete
    1:36:java.util.List getAll():204:239 -> getAll
    37:39:java.util.List getAll():238:240 -> getAll
    1:44:app.notifee.core.database.DatabaseNotificationEntity[] getById(java.lang.String):246:289 -> getById
    45:47:app.notifee.core.database.DatabaseNotificationEntity[] getById(java.lang.String):288:290 -> getById
    1:8:void insert(app.notifee.core.database.DatabaseNotificationEntity):153:160 -> insert
    1:9:void trimRows():189:197 -> trimRows
    10:12:void trimRows():196:198 -> trimRows
    1:8:void update(app.notifee.core.database.DatabaseNotificationEntity):177:184 -> update
app.notifee.core.database.DatabaseNotificationDao_Impl$1 -> n.o.t.i.f.e.e.Z_ff$z_n:
    1:1:void <init>(app.notifee.core.database.DatabaseNotificationDao_Impl,androidx.room.RoomDatabase):32:32 -> <init>
    1:1:void bind(androidx.sqlite.db.SupportSQLiteStatement,java.lang.Object):32:32 -> bind
    2:35:void bind(androidx.sqlite.db.SupportSQLiteStatement,app.notifee.core.database.DatabaseNotificationEntity):40:73 -> bind
    2:35:void bind(androidx.sqlite.db.SupportSQLiteStatement,java.lang.Object):32 -> bind
app.notifee.core.database.DatabaseNotificationDao_Impl$2 -> n.o.t.i.f.e.e.Z_ff$Z_o:
    1:1:void <init>(app.notifee.core.database.DatabaseNotificationDao_Impl,androidx.room.RoomDatabase):77:77 -> <init>
    1:1:void bind(androidx.sqlite.db.SupportSQLiteStatement,java.lang.Object):77:77 -> bind
    2:5:void bind(androidx.sqlite.db.SupportSQLiteStatement,app.notifee.core.database.DatabaseNotificationEntity):85:88 -> bind
    2:5:void bind(androidx.sqlite.db.SupportSQLiteStatement,java.lang.Object):77 -> bind
app.notifee.core.database.DatabaseNotificationDao_Impl$3 -> n.o.t.i.f.e.e.Z_ff$z_t:
    1:1:void <init>(app.notifee.core.database.DatabaseNotificationDao_Impl,androidx.room.RoomDatabase):92:92 -> <init>
    1:1:void bind(androidx.sqlite.db.SupportSQLiteStatement,java.lang.Object):92:92 -> bind
    2:40:void bind(androidx.sqlite.db.SupportSQLiteStatement,app.notifee.core.database.DatabaseNotificationEntity):100:138 -> bind
    2:40:void bind(androidx.sqlite.db.SupportSQLiteStatement,java.lang.Object):92 -> bind
app.notifee.core.database.DatabaseNotificationDao_Impl$4 -> n.o.t.i.f.e.e.Z_ff$Z_i:
    1:1:void <init>(app.notifee.core.database.DatabaseNotificationDao_Impl,androidx.room.RoomDatabase):142:142 -> <init>
app.notifee.core.database.DatabaseNotificationEntity -> n.o.t.i.f.e.e.Z_ee:
    java.lang.String status -> z_t
    java.lang.Long createdAt -> z_f
    java.lang.String bundle -> z_nn
    java.lang.String tag -> Z_o
    java.lang.String channel -> Z_i
    java.lang.String id -> z_n
    java.lang.Long modifiedAt -> Z_e
    1:1:void <init>():13:13 -> <init>
app.notifee.core.database.Database_Impl -> app.notifee.core.database.Database_Impl:
    app.notifee.core.database.DatabaseNotificationDao _databaseNotificationDao -> Z_o
    1:1:void <init>():25:25 -> <init>
    1:1:java.util.List access$400(app.notifee.core.database.Database_Impl):25:25 -> Z_e
    1:1:java.util.List access$200(app.notifee.core.database.Database_Impl):25:25 -> Z_i
    1:1:java.util.List access$100(app.notifee.core.database.Database_Impl):25:25 -> Z_o
    2:2:void access$700(app.notifee.core.database.Database_Impl,androidx.sqlite.db.SupportSQLiteDatabase):25:25 -> Z_o
    1:1:java.util.List access$900(app.notifee.core.database.Database_Impl):25:25 -> Z_tt
    1:11:void clearAllTables():116:126 -> clearAllTables
    12:17:void clearAllTables():123:128 -> clearAllTables
    1:3:androidx.room.InvalidationTracker createInvalidationTracker():109:111 -> createInvalidationTracker
    1:74:androidx.sqlite.db.SupportSQLiteOpenHelper createOpenHelper(androidx.room.DatabaseConfiguration):30:103 -> createOpenHelper
    1:1:java.util.List access$300(app.notifee.core.database.Database_Impl):25:25 -> z_f
    1:1:java.util.List access$000(app.notifee.core.database.Database_Impl):25:25 -> z_n
    2:2:androidx.sqlite.db.SupportSQLiteDatabase access$602(app.notifee.core.database.Database_Impl,androidx.sqlite.db.SupportSQLiteDatabase):25:25 -> z_n
    3:11:app.notifee.core.database.DatabaseNotificationDao getDao():133:141 -> z_n
    1:1:java.util.List access$500(app.notifee.core.database.Database_Impl):25:25 -> z_nn
    1:1:java.util.List access$800(app.notifee.core.database.Database_Impl):25:25 -> z_oo
    1:1:java.util.List access$1000(app.notifee.core.database.Database_Impl):25:25 -> z_t
app.notifee.core.database.Database_Impl$1 -> app.notifee.core.database.Database_Impl$z_n:
    app.notifee.core.database.Database_Impl this$0 -> z_n
    1:1:void <init>(app.notifee.core.database.Database_Impl,int):30:30 -> <init>
    1:3:void createAllTables(androidx.sqlite.db.SupportSQLiteDatabase):33:35 -> createAllTables
    1:4:void dropAllTables(androidx.sqlite.db.SupportSQLiteDatabase):40:43 -> dropAllTables
    1:3:void onCreate(androidx.sqlite.db.SupportSQLiteDatabase):50:52 -> onCreate
    1:5:void onOpen(androidx.sqlite.db.SupportSQLiteDatabase):59:63 -> onOpen
    1:1:void onPreMigrate(androidx.sqlite.db.SupportSQLiteDatabase):70:70 -> onPreMigrate
    1:18:androidx.room.RoomOpenHelper$ValidationResult onValidateSchema(androidx.sqlite.db.SupportSQLiteDatabase):79:96 -> onValidateSchema
app.notifee.core.events.BlockStateEvent -> app.notifee.core.events.BlockStateEvent:
    boolean completed -> z_f
    app.notifee.core.MethodCallResult result -> Z_i
    android.os.Bundle channelOrGroupBundle -> z_t
    boolean blocked -> Z_o
    int type -> z_n
    1:1:void <init>(int,android.os.Bundle,boolean,app.notifee.core.MethodCallResult):34:34 -> <init>
    2:10:void <init>(int,android.os.Bundle,boolean,app.notifee.core.MethodCallResult):30:38 -> <init>
    1:1:android.os.Bundle getChannelOrGroupBundle():62:62 -> getChannelOrGroupBundle
    1:1:int getType():51:51 -> getType
    1:1:boolean isBlocked():56:56 -> isBlocked
    1:3:void setCompletionResult():43:45 -> setCompletionResult
app.notifee.core.events.DatabaseEvent -> app.notifee.core.events.DatabaseEvent:
    java.lang.String entityType -> z_t
    java.lang.String entityId -> Z_o
    java.lang.String type -> z_n
    1:4:void <init>(java.lang.String,java.lang.String,java.lang.String):20:23 -> <init>
    1:1:java.lang.String getEntityId():47:47 -> getEntityId
    1:1:java.lang.String getEntityType():57:57 -> getEntityType
    1:1:java.lang.String getType():36:36 -> getType
app.notifee.core.events.LogEvent -> app.notifee.core.events.LogEvent:
    java.lang.String message -> z_t
    java.lang.String level -> Z_o
    java.lang.String tag -> z_n
    java.lang.Throwable throwable -> Z_i
    1:5:void <init>(java.lang.String,java.lang.String,java.lang.String):25:29 -> <init>
    6:10:void <init>(java.lang.String,java.lang.String,java.lang.String,java.lang.Throwable):32:36 -> <init>
    1:1:java.lang.String getLevel():51:51 -> getLevel
    1:1:java.lang.String getMessage():56:56 -> getMessage
    1:1:java.lang.String getTag():46:46 -> getTag
    1:1:java.lang.Throwable getThrowable():61:61 -> getThrowable
app.notifee.core.events.NotificationEvent -> app.notifee.core.events.NotificationEvent:
    app.notifee.core.bundles.NotificationBundle notification -> z_t
    android.os.Bundle extras -> Z_o
    int type -> z_n
    1:4:void <init>(int,app.notifee.core.bundles.NotificationBundle):28:31 -> <init>
    5:8:void <init>(int,app.notifee.core.bundles.NotificationBundle,android.os.Bundle):34:37 -> <init>
    1:1:android.os.Bundle getExtras():53:53 -> getExtras
    1:1:app.notifee.core.bundles.NotificationBundle getNotification():47:47 -> getNotification
    1:1:int getType():42:42 -> getType
app.notifee.core.utils.ObjectUtils$TypedCallback -> n.o.t.i.f.e.e.Z_ne:
    void call(java.lang.Object) -> z_n
app.notifee.core.utils.ResourceUtils -> n.o.t.i.f.e.e.z_of:
    java.util.Map sResourceIdCache -> z_n
    1:1:void <init>():29:29 -> <init>
    1:10:android.net.Uri getImageSourceUri(java.lang.String):47:56 -> Z_o
    1:8:java.util.Map getResourceIdCache():35:42 -> z_n
    9:12:com.google.android.gms.tasks.Task getImageBitmapFromUrl(java.lang.String):75:78 -> z_n
    13:24:java.lang.String getImageResourceUrl(java.lang.String):119:130 -> z_n
    13:24:com.google.android.gms.tasks.Task getImageBitmapFromUrl(java.lang.String):79 -> z_n
    25:35:com.google.android.gms.tasks.Task getImageBitmapFromUrl(java.lang.String):81:91 -> z_n
    36:36:android.content.Context app.notifee.core.ContextHolder.getApplicationContext():9:9 -> z_n
    36:36:com.google.android.gms.tasks.Task getImageBitmapFromUrl(java.lang.String):92 -> z_n
    37:52:com.google.android.gms.tasks.Task getImageBitmapFromUrl(java.lang.String):92:107 -> z_n
    53:53:com.google.android.gms.tasks.Task getImageBitmapFromUrl(java.lang.String):94:94 -> z_n
    54:65:int getResourceIdByName(java.lang.String,java.lang.String):153:164 -> z_n
    66:66:android.content.Context app.notifee.core.ContextHolder.getApplicationContext():9:9 -> z_n
    66:66:int getResourceIdByName(java.lang.String,java.lang.String):167 -> z_n
    67:72:int getResourceIdByName(java.lang.String,java.lang.String):168:173 -> z_n
    1:3:android.net.Uri getResourceDrawableUri(java.lang.String):61:63 -> z_t
app.notifee.core.utils.ResourceUtils$1 -> n.o.t.i.f.e.e.z_of$z_n:
    java.lang.String val$imageUrl -> Z_o
    com.google.android.gms.tasks.TaskCompletionSource val$bitmapTCS -> z_n
    1:1:void <init>(com.google.android.gms.tasks.TaskCompletionSource,java.lang.String):94:94 -> <init>
    1:2:void onFailureImpl(com.facebook.datasource.DataSource):104:105 -> onFailureImpl
    1:1:void onNewResultImpl(android.graphics.Bitmap):97:97 -> onNewResultImpl
